// Jest Snapshot v1, https://goo.gl/fbAQLP

exports[`Test snapshot 1`] = `
<a
  class="navbar-brand"
  href="/home"
>
  CAR BOOKING
</a>
`;
